// Vitest Snapshot v1, https://vitest.dev/guide/snapshot.html

exports[`check help message 1`] = `
"Usage: build-pioneer-license [options]

Create a license file for Open Pioneer Trails

Options:
  -w, --working-dir <path>  path to the working directory (default: current
                            directory)
  -c, --config <path>       path to the license config file (default:
                            "support/license-config.yaml")
  -o, --output <path>       path to the result file (default:
                            "dist/license-report.html")
  -d, --dev                 include dev dependencies (default: false)
  -i, --ignore-workspace    ignore the workspace, only look at the lock file
                            (default: false)
  -q, --silent              disable logging (default: false)
  -x, --debug               show exception stack traces (default: false)
  -V, --version             output the version number
  -h, --help                display help for command
"
`;
